<html>
<body>
<pre>
<h1>µVision Build Log</h1>
<h2>Tool Versions:</h2>
IDE-Version: ¦ÌVision V5.25.2.0
Copyright (C) 2018 ARM Ltd and ARM Germany GmbH. All rights reserved.
License Information: 71 71, 71, LIC=GMZI6-DU2A7-VEMHA-1AJM6-W5ZIG-8RT7T
 
Tool Versions:
Toolchain:       MDK-ARM Plus  Version: 5.25.2.0
Toolchain Path:  D:\Keil5\ARM\ARMCC\Bin
C Compiler:      Armcc.exe V5.06 update 6 (build 750)
Assembler:       Armasm.exe V5.06 update 6 (build 750)
Linker/Locator:  ArmLink.exe V5.06 update 6 (build 750)
Library Manager: ArmAr.exe V5.06 update 6 (build 750)
Hex Converter:   FromElf.exe V5.06 update 6 (build 750)
CPU DLL:         SARMCM3.DLL V5.25.2.0
Dialog DLL:      DARMSTM.DLL V1.68.0.0
Target DLL:      STLink\ST-LINKIII-KEIL_SWO.dll V3.0.1.0
Dialog DLL:      TARMSTM.DLL V1.66.0.0
 
<h2>Project:</h2>
D:\github_project\my-rtos\os-rtos-v1\MDK-ARM\hal_test1.uvprojx
Project File Date:  09/06/2024

<h2>Output:</h2>
*** Using Compiler 'V5.06 update 6 (build 750)', folder: 'D:\Keil5\ARM\ARMCC\Bin'
Rebuild target 'hal_test1'
assembling startup_stm32f103xb.s...
compiling thread.c...
../Drivers/driver/thread.h(16): warning:  #1295-D: Deprecated declaration los_task_create - give arg types
  void los_task_create();
../Drivers/driver/thread.h(18): warning:  #1295-D: Deprecated declaration los_task_run - give arg types
  void los_task_run();
../Drivers/driver/thread.h(19): warning:  #1295-D: Deprecated declaration los_task_switch - give arg types
  void los_task_switch();
../Drivers/driver/thread.h(20): warning:  #1295-D: Deprecated declaration los_task_sched - give arg types
  void los_task_sched();
..\Drivers\driver\thread.c(30): warning:  #513-D: a value of type "stack_task *" cannot be assigned to an entity of type "stack_task"
  		test1 = stack;
..\Drivers\driver\thread.c(31): warning:  #513-D: a value of type "stack_task **" cannot be assigned to an entity of type "stack_task *"
  		test2 = &stack;
..\Drivers\driver\thread.c(6): warning:  #550-D: variable "test1"  was set but never used
  		stack_task test1 = 0;
..\Drivers\driver\thread.c(7): warning:  #550-D: variable "test2"  was set but never used
  		stack_task *test2 = 0;
..\Drivers\driver\thread.c(42): warning:  #1-D: last line of file ends without a newline
  }
..\Drivers\driver\thread.c: 9 warnings, 0 errors
compiling usart.c...
compiling stm32f1xx_hal_gpio_ex.c...
compiling main.c...
../Drivers/driver/thread.h(16): warning:  #1295-D: Deprecated declaration los_task_create - give arg types
  void los_task_create();
../Drivers/driver/thread.h(18): warning:  #1295-D: Deprecated declaration los_task_run - give arg types
  void los_task_run();
../Drivers/driver/thread.h(19): warning:  #1295-D: Deprecated declaration los_task_switch - give arg types
  void los_task_switch();
../Drivers/driver/thread.h(20): warning:  #1295-D: Deprecated declaration los_task_sched - give arg types
  void los_task_sched();
../Core/Src/main.c(58): warning:  #223-D: function "printf" declared implicitly
  		printf("this is task_1\r\n");
../Core/Src/main.c(67): warning:  #223-D: function "printf" declared implicitly
  			printf("this is task_2\r\n");
../Core/Src/main.c(141): warning:  #513-D: a value of type "stack_task *" cannot be assigned to an entity of type "int"
  	test = &task1Env[1024];
../Core/Src/main.c: 7 warnings, 0 errors
compiling cpu.c...
..\Drivers\driver\cpu.h(4): warning:  #1295-D: Deprecated declaration los_task_switch - give arg types
  void los_task_switch();
..\Drivers\driver\thread.h(16): warning:  #1295-D: Deprecated declaration los_task_create - give arg types
  void los_task_create();
..\Drivers\driver\thread.h(18): warning:  #1295-D: Deprecated declaration los_task_run - give arg types
  void los_task_run();
..\Drivers\driver\thread.h(19): warning:  #1295-D: Deprecated declaration los_task_switch - give arg types
  void los_task_switch();
..\Drivers\driver\thread.h(20): warning:  #1295-D: Deprecated declaration los_task_sched - give arg types
  void los_task_sched();
..\Drivers\driver\cpu.c: 5 warnings, 0 errors
compiling gpio.c...
compiling stm32f1xx_hal_tim.c...
compiling driver_uart.c...
compiling stm32f1xx_hal_tim_ex.c...
compiling stm32f1xx_it.c...
compiling stm32f1xx_hal_msp.c...
compiling stm32f1xx_hal_uart.c...
compiling stm32f1xx_hal_flash.c...
compiling stm32f1xx_hal_exti.c...
compiling stm32f1xx_hal.c...
compiling stm32f1xx_hal_dma.c...
compiling stm32f1xx_hal_pwr.c...
compiling stm32f1xx_hal_rcc_ex.c...
compiling stm32f1xx_hal_cortex.c...
compiling stm32f1xx_hal_gpio.c...
compiling system_stm32f1xx.c...
compiling stm32f1xx_hal_flash_ex.c...
compiling stm32f1xx_hal_rcc.c...
linking...
Program Size: Code=5348 RO-data=312 RW-data=60 ZI-data=9548  
FromELF: creating hex file...
"hal_test1\hal_test1.axf" - 0 Error(s), 21 Warning(s).

<h2>Software Packages used:</h2>

Package Vendor: ARM
                http://www.keil.com/pack/ARM.CMSIS.5.3.0.pack
                ARM.CMSIS.5.3.0
                CMSIS (Cortex Microcontroller Software Interface Standard)
   * Component: CORE Version: 5.1.1

Package Vendor: Keil
                https://www.keil.com/pack/Keil.STM32F1xx_DFP.2.4.1.pack
                Keil.STM32F1xx_DFP.2.4.1
                STMicroelectronics STM32F1 Series Device Support, Drivers and Examples

<h2>Collection of Component include folders:</h2>
  .\RTE\_hal_test1
  D:\Keil5\ARM\PACK\ARM\CMSIS\5.3.0\CMSIS\Include
  D:\Keil5\ARM\PACK\Keil\STM32F1xx_DFP\2.4.1\Device\Include

<h2>Collection of Component Files used:</h2>

   * Component: ARM::CMSIS:CORE:5.1.1
Build Time Elapsed:  00:00:05
</pre>
</body>
</html>
